// Jest Snapshot v1, https://goo.gl/fbAQLP

exports[`testing al cliente Es el Isa 1`] = `
Object {
  "balance": 500,
  "nombre": "Isaac 2",
  "tipo": "Premium",
}
`;
